[2026-06-03T19:19:33.837Z] templatePath: .templates\templates-library\clinicas-medicas\Light\OncoFlow-Precision
[2026-06-03T19:19:33.838Z] libraryPath: D:\Rodrigo\Projeto\SOA v1.0\.templates\templates-library
[2026-06-03T19:19:33.838Z] absolutePath: D:\Rodrigo\Projeto\SOA v1.0\.templates\templates-library\clinicas-medicas\Light\OncoFlow-Precision
[2026-06-03T19:19:33.838Z] Exists: true
[2026-06-03T19:19:42.937Z] templatePath: .templates\templates-library\Dashboards Analiticos\Dark\Aetheris
[2026-06-03T19:19:42.938Z] libraryPath: D:\Rodrigo\Projeto\SOA v1.0\.templates\templates-library
[2026-06-03T19:19:42.938Z] absolutePath: D:\Rodrigo\Projeto\SOA v1.0\.templates\templates-library\Dashboards Analiticos\Dark\Aetheris
[2026-06-03T19:19:42.939Z] Exists: true
[2026-06-03T19:19:45.178Z] templatePath: .templates\templates-library\E-commerce\Duo\VeloceMarket Pro
[2026-06-03T19:19:45.179Z] libraryPath: D:\Rodrigo\Projeto\SOA v1.0\.templates\templates-library
[2026-06-03T19:19:45.179Z] absolutePath: D:\Rodrigo\Projeto\SOA v1.0\.templates\templates-library\E-commerce\Duo\VeloceMarket Pro
[2026-06-03T19:19:45.179Z] Exists: true
[2026-06-03T19:19:47.068Z] templatePath: .templates\templates-library\E-commerce\Light\Boutique-Dashboard
[2026-06-03T19:19:47.069Z] libraryPath: D:\Rodrigo\Projeto\SOA v1.0\.templates\templates-library
[2026-06-03T19:19:47.069Z] absolutePath: D:\Rodrigo\Projeto\SOA v1.0\.templates\templates-library\E-commerce\Light\Boutique-Dashboard
[2026-06-03T19:19:47.069Z] Exists: true
[2026-06-03T19:19:49.217Z] templatePath: .templates\templates-library\Fintech & Cripto\Light\LuminaFlow
[2026-06-03T19:19:49.217Z] libraryPath: D:\Rodrigo\Projeto\SOA v1.0\.templates\templates-library
[2026-06-03T19:19:49.217Z] absolutePath: D:\Rodrigo\Projeto\SOA v1.0\.templates\templates-library\Fintech & Cripto\Light\LuminaFlow
[2026-06-03T19:19:49.217Z] Exists: true
[2026-06-03T19:19:51.083Z] templatePath: .templates\templates-library\Fintech e Cripto\Dark\CryptoNexis
[2026-06-03T19:19:51.084Z] libraryPath: D:\Rodrigo\Projeto\SOA v1.0\.templates\templates-library
[2026-06-03T19:19:51.084Z] absolutePath: D:\Rodrigo\Projeto\SOA v1.0\.templates\templates-library\Fintech e Cripto\Dark\CryptoNexis
[2026-06-03T19:19:51.084Z] Exists: true
[2026-06-03T19:19:52.799Z] templatePath: .templates\templates-library\Fintech-Solutions\Dark\NeoVault-Pro
[2026-06-03T19:19:52.799Z] libraryPath: D:\Rodrigo\Projeto\SOA v1.0\.templates\templates-library
[2026-06-03T19:19:52.800Z] absolutePath: D:\Rodrigo\Projeto\SOA v1.0\.templates\templates-library\Fintech-Solutions\Dark\NeoVault-Pro
[2026-06-03T19:19:52.800Z] Exists: true
[2026-06-03T19:19:54.489Z] templatePath: .templates\templates-library\LegalTech e Juridico\Dark\LexoraPro
[2026-06-03T19:19:54.489Z] libraryPath: D:\Rodrigo\Projeto\SOA v1.0\.templates\templates-library
[2026-06-03T19:19:54.489Z] absolutePath: D:\Rodrigo\Projeto\SOA v1.0\.templates\templates-library\LegalTech e Juridico\Dark\LexoraPro
[2026-06-03T19:19:54.489Z] Exists: true
[2026-06-03T19:19:56.072Z] templatePath: .templates\templates-library\Marketing e CRM\Light\AdVantage CRM
[2026-06-03T19:19:56.073Z] libraryPath: D:\Rodrigo\Projeto\SOA v1.0\.templates\templates-library
[2026-06-03T19:19:56.073Z] absolutePath: D:\Rodrigo\Projeto\SOA v1.0\.templates\templates-library\Marketing e CRM\Light\AdVantage CRM
[2026-06-03T19:19:56.073Z] Exists: true
[2026-06-03T19:19:57.876Z] templatePath: .templates\templates-library\Recursos Humanos HR\Dark\TalentPulse
[2026-06-03T19:19:57.876Z] libraryPath: D:\Rodrigo\Projeto\SOA v1.0\.templates\templates-library
[2026-06-03T19:19:57.877Z] absolutePath: D:\Rodrigo\Projeto\SOA v1.0\.templates\templates-library\Recursos Humanos HR\Dark\TalentPulse
[2026-06-03T19:19:57.877Z] Exists: true
[2026-06-03T19:20:03.761Z] templatePath: .templates\templates-library\Recursos Humanos HR\Duo Model\LuminaTalent
[2026-06-03T19:20:03.762Z] libraryPath: D:\Rodrigo\Projeto\SOA v1.0\.templates\templates-library
[2026-06-03T19:20:03.762Z] absolutePath: D:\Rodrigo\Projeto\SOA v1.0\.templates\templates-library\Recursos Humanos HR\Duo Model\LuminaTalent
[2026-06-03T19:20:03.762Z] Exists: true
[2026-06-03T19:20:06.233Z] templatePath: .templates\templates-library\Travel e Hospedagem\Light\LuminaStay
[2026-06-03T19:20:06.233Z] libraryPath: D:\Rodrigo\Projeto\SOA v1.0\.templates\templates-library
[2026-06-03T19:20:06.233Z] absolutePath: D:\Rodrigo\Projeto\SOA v1.0\.templates\templates-library\Travel e Hospedagem\Light\LuminaStay
[2026-06-03T19:20:06.233Z] Exists: true
[2026-06-03T19:20:10.710Z] templatePath: .templates\templates-library\Recursos Humanos HR\Dark\VividTalent
[2026-06-03T19:20:10.710Z] libraryPath: D:\Rodrigo\Projeto\SOA v1.0\.templates\templates-library
[2026-06-03T19:20:10.711Z] absolutePath: D:\Rodrigo\Projeto\SOA v1.0\.templates\templates-library\Recursos Humanos HR\Dark\VividTalent
[2026-06-03T19:20:10.711Z] Exists: true
[2026-06-03T19:44:50.058Z] templatePath: .templates\templates-library\teste\Dark\Quantix
[2026-06-03T19:44:50.059Z] libraryPath: D:\Rodrigo\Projeto\SOA v1.0\.templates\templates-library
[2026-06-03T19:44:50.059Z] absolutePath: D:\Rodrigo\Projeto\SOA v1.0\.templates\templates-library\teste\Dark\Quantix
[2026-06-03T19:44:50.060Z] Exists: true
